2025/07/14 17:35:52 =============配置信息=============
2025/07/14 17:35:52 || 间隔执行：1分钟
2025/07/14 17:35:52 || 库存省份：[江苏 浙江 上海]
2025/07/14 17:35:52 || 库存地区编码：[6_325_0_0 1_2809_0_0]
2025/07/14 17:35:52 || 监控商品：[{100120925553 ps5（测试请忽略） https://3.cn/2l-akyO3} {10070391854544 ps5手柄（测试请忽略） https://3.cn/2l-akNUn}]
2025/07/14 17:35:52 || 查询延迟：10000毫秒
2025/07/14 17:35:52 || 启用通知：true
2025/07/14 17:35:52 || 通知间隔：0分钟
2025/07/14 17:35:52 || 通知方式：server_chan
2025/07/14 17:35:52 || Server酱配置：{[SCT289684TqD1tOOECY1pGiYU2Tpqc3rlh]}
2025/07/14 17:35:52 || 当前版本：v1.0.5
2025/07/14 17:35:52 ================================
2025/07/14 17:35:53 读取现有的地区编码数据...
2025/07/14 17:35:53 HTTP服务器启动在 :9090 端口
2025/07/14 17:35:53 [100120925553] ps5（测试请忽略） 山西晋城市：现货 可购买 skuState=1
2025/07/14 17:35:53 [10070391854544] ps5手柄（测试请忽略） 山西晋城市：现货 不可购买 skuState=1
2025/07/14 17:36:03 [100120925553] ps5（测试请忽略） 北京通州区：现货 可购买 skuState=1
2025/07/14 17:36:03 [10070391854544] ps5手柄（测试请忽略） 北京通州区：现货 不可购买 skuState=1
2025/07/14 17:36:03 商品 [100120925553] ps5（测试请忽略） 在 山西晋城市、北京通州区 地区有现货！ [立即购买](https://3.cn/2l-akyO3)
2025/07/14 17:36:53 [100120925553] ps5（测试请忽略） 山西晋城市：现货 可购买 skuState=1
2025/07/14 17:36:53 [10070391854544] ps5手柄（测试请忽略） 山西晋城市：现货 不可购买 skuState=1
2025/07/14 17:37:03 [100120925553] ps5（测试请忽略） 北京通州区：现货 可购买 skuState=1
2025/07/14 17:37:03 [10070391854544] ps5手柄（测试请忽略） 北京通州区：现货 不可购买 skuState=1
2025/07/14 17:37:03 商品 [100120925553] ps5（测试请忽略） 在 山西晋城市、北京通州区 地区有现货！ [立即购买](https://3.cn/2l-akyO3)
2025/07/14 17:37:53 [100120925553] ps5（测试请忽略） 山西晋城市：现货 可购买 skuState=1
2025/07/14 17:37:53 [10070391854544] ps5手柄（测试请忽略） 山西晋城市：现货 不可购买 skuState=1
2025/07/14 17:38:03 [100120925553] ps5（测试请忽略） 北京通州区：现货 可购买 skuState=1
2025/07/14 17:38:03 [10070391854544] ps5手柄（测试请忽略） 北京通州区：现货 不可购买 skuState=1
2025/07/14 17:38:03 商品 [100120925553] ps5（测试请忽略） 在 山西晋城市、北京通州区 地区有现货！ [立即购买](https://3.cn/2l-akyO3)
2025/07/14 17:38:53 [100120925553] ps5（测试请忽略） 山西晋城市：现货 可购买 skuState=1
2025/07/14 17:38:53 [10070391854544] ps5手柄（测试请忽略） 山西晋城市：现货 不可购买 skuState=1
2025/07/14 17:39:03 [100120925553] ps5（测试请忽略） 北京通州区：现货 可购买 skuState=1
2025/07/14 17:39:03 [10070391854544] ps5手柄（测试请忽略） 北京通州区：现货 不可购买 skuState=1
2025/07/14 17:39:03 商品 [100120925553] ps5（测试请忽略） 在 山西晋城市、北京通州区 地区有现货！ [立即购买](https://3.cn/2l-akyO3)
2025/07/14 17:39:53 [100120925553] ps5（测试请忽略） 山西晋城市：现货 可购买 skuState=1
2025/07/14 17:39:53 [10070391854544] ps5手柄（测试请忽略） 山西晋城市：现货 不可购买 skuState=1
2025/07/14 17:40:03 [100120925553] ps5（测试请忽略） 北京通州区：现货 可购买 skuState=1
2025/07/14 17:40:03 [10070391854544] ps5手柄（测试请忽略） 北京通州区：现货 不可购买 skuState=1
2025/07/14 17:40:03 商品 [100120925553] ps5（测试请忽略） 在 山西晋城市、北京通州区 地区有现货！ [立即购买](https://3.cn/2l-akyO3)
2025/07/14 17:40:53 [100120925553] ps5（测试请忽略） 山西晋城市：现货 可购买 skuState=1
2025/07/14 17:40:53 [10070391854544] ps5手柄（测试请忽略） 山西晋城市：现货 不可购买 skuState=1
2025/07/14 17:41:03 [100120925553] ps5（测试请忽略） 北京通州区：现货 可购买 skuState=1
2025/07/14 17:41:03 [10070391854544] ps5手柄（测试请忽略） 北京通州区：现货 不可购买 skuState=1
2025/07/14 17:41:03 商品 [100120925553] ps5（测试请忽略） 在 山西晋城市、北京通州区 地区有现货！ [立即购买](https://3.cn/2l-akyO3)
2025/07/14 17:41:53 [100120925553] ps5（测试请忽略） 山西晋城市：现货 可购买 skuState=1
2025/07/14 17:41:53 [10070391854544] ps5手柄（测试请忽略） 山西晋城市：现货 不可购买 skuState=1
2025/07/14 17:42:03 [100120925553] ps5（测试请忽略） 北京通州区：现货 可购买 skuState=1
2025/07/14 17:42:03 [10070391854544] ps5手柄（测试请忽略） 北京通州区：现货 不可购买 skuState=1
2025/07/14 17:42:03 商品 [100120925553] ps5（测试请忽略） 在 山西晋城市、北京通州区 地区有现货！ [立即购买](https://3.cn/2l-akyO3)
2025/07/14 17:42:53 [100120925553] ps5（测试请忽略） 山西晋城市：现货 可购买 skuState=1
2025/07/14 17:42:53 [10070391854544] ps5手柄（测试请忽略） 山西晋城市：现货 不可购买 skuState=1
2025/07/14 17:43:03 [100120925553] ps5（测试请忽略） 北京通州区：现货 可购买 skuState=1
2025/07/14 17:43:03 [10070391854544] ps5手柄（测试请忽略） 北京通州区：现货 不可购买 skuState=1
2025/07/14 17:43:03 商品 [100120925553] ps5（测试请忽略） 在 山西晋城市、北京通州区 地区有现货！ [立即购买](https://3.cn/2l-akyO3)
2025/07/14 17:43:53 [100120925553] ps5（测试请忽略） 山西晋城市：现货 可购买 skuState=1
2025/07/14 17:43:53 [10070391854544] ps5手柄（测试请忽略） 山西晋城市：现货 不可购买 skuState=1
2025/07/14 17:44:03 [100120925553] ps5（测试请忽略） 北京通州区：现货 可购买 skuState=1
2025/07/14 17:44:03 [10070391854544] ps5手柄（测试请忽略） 北京通州区：现货 不可购买 skuState=1
2025/07/14 17:44:03 商品 [100120925553] ps5（测试请忽略） 在 山西晋城市、北京通州区 地区有现货！ [立即购买](https://3.cn/2l-akyO3)
2025/07/14 17:44:53 [100120925553] ps5（测试请忽略） 山西晋城市：现货 可购买 skuState=1
2025/07/14 17:44:53 [10070391854544] ps5手柄（测试请忽略） 山西晋城市：现货 不可购买 skuState=1
2025/07/14 17:45:03 [100120925553] ps5（测试请忽略） 北京通州区：现货 可购买 skuState=1
2025/07/14 17:45:03 [10070391854544] ps5手柄（测试请忽略） 北京通州区：现货 不可购买 skuState=1
2025/07/14 17:45:03 商品 [100120925553] ps5（测试请忽略） 在 山西晋城市、北京通州区 地区有现货！ [立即购买](https://3.cn/2l-akyO3)
2025/07/14 17:45:53 [100120925553] ps5（测试请忽略） 山西晋城市：现货 可购买 skuState=1
2025/07/14 17:45:53 [10070391854544] ps5手柄（测试请忽略） 山西晋城市：现货 不可购买 skuState=1
2025/07/14 17:46:03 [100120925553] ps5（测试请忽略） 北京通州区：现货 可购买 skuState=1
2025/07/14 17:46:03 [10070391854544] ps5手柄（测试请忽略） 北京通州区：现货 不可购买 skuState=1
2025/07/14 17:46:03 商品 [100120925553] ps5（测试请忽略） 在 山西晋城市、北京通州区 地区有现货！ [立即购买](https://3.cn/2l-akyO3)
2025/07/14 17:46:53 [100120925553] ps5（测试请忽略） 山西晋城市：现货 可购买 skuState=1
2025/07/14 17:46:53 [10070391854544] ps5手柄（测试请忽略） 山西晋城市：现货 不可购买 skuState=1
2025/07/14 17:47:03 [100120925553] ps5（测试请忽略） 北京通州区：现货 可购买 skuState=1
2025/07/14 17:47:03 [10070391854544] ps5手柄（测试请忽略） 北京通州区：现货 不可购买 skuState=1
2025/07/14 17:47:03 商品 [100120925553] ps5（测试请忽略） 在 山西晋城市、北京通州区 地区有现货！ [立即购买](https://3.cn/2l-akyO3)
